main.c:148:6:delay_us	16	static
main.c:166:6:keypad_read	24	static
main.c:193:10:read_LDR	8	static
main.c:201:9:rain_detect	16	static
main.c:216:6:stepper_write	16	static
main.c:224:6:stepper_start	16	static
main.c:231:6:stepper_run	8	static
main.c:250:6:handle_motor	8	static
main.c:276:6:fan_apply	16	static
main.c:283:6:fan_fsm	16	static
main.c:304:6:update_logic	16	static
main.c:314:6:handle_buzzer	16	static
main.c:325:6:update_lcd	72	static
main.c:372:6:handle_keypad	16	static
main.c:454:5:main	16	static
main.c:530:6:SystemClock_Config	88	static
main.c:576:13:MX_ADC1_Init	24	static
main.c:621:13:MX_I2C1_Init	8	static
main.c:655:13:MX_TIM2_Init	32	static
main.c:700:13:MX_GPIO_Init	40	static
main.c:757:6:Error_Handler	4	static,ignoring_inline_asm
