main.c:163:6:delay_us	16	static
main.c:181:6:keypad_scan	24	static
main.c:200:6:keypad_fsm	16	static
main.c:239:6:keypad_getkey	16	static
main.c:251:10:read_LDR	8	static
main.c:259:9:rain_detect	16	static
main.c:274:6:stepper_write	16	static
main.c:282:6:stepper_start	16	static
main.c:289:6:stepper_run	8	static
main.c:308:6:handle_motor	8	static
main.c:334:6:fan_apply	16	static
main.c:341:6:fan_fsm	16	static
main.c:361:6:update_logic	16	static
main.c:377:6:handle_buzzer	16	static
main.c:388:6:update_lcd	72	static
main.c:436:6:handle_keypad	24	static
main.c:562:5:main	16	static
main.c:640:6:SystemClock_Config	88	static
main.c:686:13:MX_ADC1_Init	24	static
main.c:731:13:MX_I2C1_Init	8	static
main.c:765:13:MX_TIM2_Init	32	static
main.c:810:13:MX_GPIO_Init	40	static
main.c:867:6:Error_Handler	4	static,ignoring_inline_asm
